// Jest Snapshot v1, https://goo.gl/fbAQLP

exports[`<CalendarContainer/> prop: locale should locale prop correctly 1`] = `
<CalendarContainer
  base={"2018-12-04T15:00:00.000Z"}
  current={"2018-12-04T15:00:00.000Z"}
  locale="ko"
  setBase={[Function]}
  show={true}
  showMonthCnt={1}
  showToday={false}
>
  <div
    className="calendar__container calendar--show"
  >
    <CalendarHead
      onNext={[Function]}
      onPrev={[Function]}
      onTitleClick={[Function]}
      title="2018.12"
    >
      <div
        className="calendar__head"
      >
        <div
          className="calendar__head--prev"
        />
        <h2
          className="calendar__head--title"
          onClick={[Function]}
        >
          2018.12
        </h2>
        <div
          className="calendar__head--next"
        />
      </div>
    </CalendarHead>
    <CalendarBody
      current={"2018-12-04T15:00:00.000Z"}
      locale="ko"
      onClick={[Function]}
      viewMode={2}
    >
      <div
        className="calendar__body"
      >
        <DayView
          current={"2018-12-04T15:00:00.000Z"}
          locale="ko"
          onClick={[Function]}
          viewMode={2}
        >
          <TableMatrixView
            cell={[Function]}
            headers={
              Array [
                "일",
                "월",
                "화",
                "수",
                "목",
                "금",
                "토",
              ]
            }
            matrix={
              Array [
                Array [
                  " ",
                  " ",
                  " ",
                  " ",
                  " ",
                  " ",
                  "1",
                ],
                Array [
                  "2",
                  "3",
                  "4",
                  "5",
                  "6",
                  "7",
                  "8",
                ],
                Array [
                  "9",
                  "10",
                  "11",
                  "12",
                  "13",
                  "14",
                  "15",
                ],
                Array [
                  "16",
                  "17",
                  "18",
                  "19",
                  "20",
                  "21",
                  "22",
                ],
                Array [
                  "23",
                  "24",
                  "25",
                  "26",
                  "27",
                  "28",
                  "29",
                ],
                Array [
                  "30",
                  "31",
                  " ",
                  " ",
                  " ",
                  " ",
                  " ",
                ],
              ]
            }
          >
            <table
              className="calendar__body--table"
            >
              <thead>
                <tr>
                  <th
                    key="0"
                  >
                    일
                  </th>
                  <th
                    key="1"
                  >
                    월
                  </th>
                  <th
                    key="2"
                  >
                    화
                  </th>
                  <th
                    key="3"
                  >
                    수
                  </th>
                  <th
                    key="4"
                  >
                    목
                  </th>
                  <th
                    key="5"
                  >
                    금
                  </th>
                  <th
                    key="6"
                  >
                    토
                  </th>
                </tr>
              </thead>
              <tbody>
                <tr
                  key="0"
                >
                  <Cell
                    className=""
                    key="0"
                    onClick={[Function]}
                    onMouseOver={[Function]}
                    subText=""
                    text=" "
                  >
                    <td
                      className=""
                      onClick={[Function]}
                      onMouseOver={[Function]}
                    >
                      <div>
                         
                      </div>
                    </td>
                  </Cell>
                  <Cell
                    className=""
                    key="1"
                    onClick={[Function]}
                    onMouseOver={[Function]}
                    subText=""
                    text=" "
                  >
                    <td
                      className=""
                      onClick={[Function]}
                      onMouseOver={[Function]}
                    >
                      <div>
                         
                      </div>
                    </td>
                  </Cell>
                  <Cell
                    className=""
                    key="2"
                    onClick={[Function]}
                    onMouseOver={[Function]}
                    subText=""
                    text=" "
                  >
                    <td
                      className=""
                      onClick={[Function]}
                      onMouseOver={[Function]}
                    >
                      <div>
                         
                      </div>
                    </td>
                  </Cell>
                  <Cell
                    className=""
                    key="3"
                    onClick={[Function]}
                    onMouseOver={[Function]}
                    subText=""
                    text=" "
                  >
                    <td
                      className=""
                      onClick={[Function]}
                      onMouseOver={[Function]}
                    >
                      <div>
                         
                      </div>
                    </td>
                  </Cell>
                  <Cell
                    className=""
                    key="4"
                    onClick={[Function]}
                    onMouseOver={[Function]}
                    subText=""
                    text=" "
                  >
                    <td
                      className=""
                      onClick={[Function]}
                      onMouseOver={[Function]}
                    >
                      <div>
                         
                      </div>
                    </td>
                  </Cell>
                  <Cell
                    className=""
                    key="5"
                    onClick={[Function]}
                    onMouseOver={[Function]}
                    subText=""
                    text=" "
                  >
                    <td
                      className=""
                      onClick={[Function]}
                      onMouseOver={[Function]}
                    >
                      <div>
                         
                      </div>
                    </td>
                  </Cell>
                  <Cell
                    className="calendar__day calendar__day--6"
                    key="6"
                    onClick={[Function]}
                    onMouseOver={[Function]}
                    subText=""
                    text="1"
                  >
                    <td
                      className="calendar__day calendar__day--6"
                      onClick={[Function]}
                      onMouseOver={[Function]}
                    >
                      <div>
                        1
                      </div>
                    </td>
                  </Cell>
                </tr>
                <tr
                  key="1"
                >
                  <Cell
                    className="calendar__day calendar__day--0"
                    key="7"
                    onClick={[Function]}
                    onMouseOver={[Function]}
                    subText=""
                    text="2"
                  >
                    <td
                      className="calendar__day calendar__day--0"
                      onClick={[Function]}
                      onMouseOver={[Function]}
                    >
                      <div>
                        2
                      </div>
                    </td>
                  </Cell>
                  <Cell
                    className="calendar__day calendar__day--1"
                    key="8"
                    onClick={[Function]}
                    onMouseOver={[Function]}
                    subText=""
                    text="3"
                  >
                    <td
                      className="calendar__day calendar__day--1"
                      onClick={[Function]}
                      onMouseOver={[Function]}
                    >
                      <div>
                        3
                      </div>
                    </td>
                  </Cell>
                  <Cell
                    className="calendar__day calendar__day--2"
                    key="9"
                    onClick={[Function]}
                    onMouseOver={[Function]}
                    subText=""
                    text="4"
                  >
                    <td
                      className="calendar__day calendar__day--2"
                      onClick={[Function]}
                      onMouseOver={[Function]}
                    >
                      <div>
                        4
                      </div>
                    </td>
                  </Cell>
                  <Cell
                    className="calendar__day calendar__day--3"
                    key="10"
                    onClick={[Function]}
                    onMouseOver={[Function]}
                    subText=""
                    text="5"
                  >
                    <td
                      className="calendar__day calendar__day--3"
                      onClick={[Function]}
                      onMouseOver={[Function]}
                    >
                      <div>
                        5
                      </div>
                    </td>
                  </Cell>
                  <Cell
                    className="calendar__day calendar__day--4"
                    key="11"
                    onClick={[Function]}
                    onMouseOver={[Function]}
                    subText=""
                    text="6"
                  >
                    <td
                      className="calendar__day calendar__day--4"
                      onClick={[Function]}
                      onMouseOver={[Function]}
                    >
                      <div>
                        6
                      </div>
                    </td>
                  </Cell>
                  <Cell
                    className="calendar__day calendar__day--5"
                    key="12"
                    onClick={[Function]}
                    onMouseOver={[Function]}
                    subText=""
                    text="7"
                  >
                    <td
                      className="calendar__day calendar__day--5"
                      onClick={[Function]}
                      onMouseOver={[Function]}
                    >
                      <div>
                        7
                      </div>
                    </td>
                  </Cell>
                  <Cell
                    className="calendar__day calendar__day--6"
                    key="13"
                    onClick={[Function]}
                    onMouseOver={[Function]}
                    subText=""
                    text="8"
                  >
                    <td
                      className="calendar__day calendar__day--6"
                      onClick={[Function]}
                      onMouseOver={[Function]}
                    >
                      <div>
                        8
                      </div>
                    </td>
                  </Cell>
                </tr>
                <tr
                  key="2"
                >
                  <Cell
                    className="calendar__day calendar__day--0"
                    key="14"
                    onClick={[Function]}
                    onMouseOver={[Function]}
                    subText=""
                    text="9"
                  >
                    <td
                      className="calendar__day calendar__day--0"
                      onClick={[Function]}
                      onMouseOver={[Function]}
                    >
                      <div>
                        9
                      </div>
                    </td>
                  </Cell>
                  <Cell
                    className="calendar__day calendar__day--1"
                    key="15"
                    onClick={[Function]}
                    onMouseOver={[Function]}
                    subText=""
                    text="10"
                  >
                    <td
                      className="calendar__day calendar__day--1"
                      onClick={[Function]}
                      onMouseOver={[Function]}
                    >
                      <div>
                        10
                      </div>
                    </td>
                  </Cell>
                  <Cell
                    className="calendar__day calendar__day--2"
                    key="16"
                    onClick={[Function]}
                    onMouseOver={[Function]}
                    subText=""
                    text="11"
                  >
                    <td
                      className="calendar__day calendar__day--2"
                      onClick={[Function]}
                      onMouseOver={[Function]}
                    >
                      <div>
                        11
                      </div>
                    </td>
                  </Cell>
                  <Cell
                    className="calendar__day calendar__day--3"
                    key="17"
                    onClick={[Function]}
                    onMouseOver={[Function]}
                    subText=""
                    text="12"
                  >
                    <td
                      className="calendar__day calendar__day--3"
                      onClick={[Function]}
                      onMouseOver={[Function]}
                    >
                      <div>
                        12
                      </div>
                    </td>
                  </Cell>
                  <Cell
                    className="calendar__day calendar__day--4"
                    key="18"
                    onClick={[Function]}
                    onMouseOver={[Function]}
                    subText=""
                    text="13"
                  >
                    <td
                      className="calendar__day calendar__day--4"
                      onClick={[Function]}
                      onMouseOver={[Function]}
                    >
                      <div>
                        13
                      </div>
                    </td>
                  </Cell>
                  <Cell
                    className="calendar__day calendar__day--5"
                    key="19"
                    onClick={[Function]}
                    onMouseOver={[Function]}
                    subText=""
                    text="14"
                  >
                    <td
                      className="calendar__day calendar__day--5"
                      onClick={[Function]}
                      onMouseOver={[Function]}
                    >
                      <div>
                        14
                      </div>
                    </td>
                  </Cell>
                  <Cell
                    className="calendar__day calendar__day--6"
                    key="20"
                    onClick={[Function]}
                    onMouseOver={[Function]}
                    subText=""
                    text="15"
                  >
                    <td
                      className="calendar__day calendar__day--6"
                      onClick={[Function]}
                      onMouseOver={[Function]}
                    >
                      <div>
                        15
                      </div>
                    </td>
                  </Cell>
                </tr>
                <tr
                  key="3"
                >
                  <Cell
                    className="calendar__day calendar__day--0"
                    key="21"
                    onClick={[Function]}
                    onMouseOver={[Function]}
                    subText=""
                    text="16"
                  >
                    <td
                      className="calendar__day calendar__day--0"
                      onClick={[Function]}
                      onMouseOver={[Function]}
                    >
                      <div>
                        16
                      </div>
                    </td>
                  </Cell>
                  <Cell
                    className="calendar__day calendar__day--1"
                    key="22"
                    onClick={[Function]}
                    onMouseOver={[Function]}
                    subText=""
                    text="17"
                  >
                    <td
                      className="calendar__day calendar__day--1"
                      onClick={[Function]}
                      onMouseOver={[Function]}
                    >
                      <div>
                        17
                      </div>
                    </td>
                  </Cell>
                  <Cell
                    className="calendar__day calendar__day--2"
                    key="23"
                    onClick={[Function]}
                    onMouseOver={[Function]}
                    subText=""
                    text="18"
                  >
                    <td
                      className="calendar__day calendar__day--2"
                      onClick={[Function]}
                      onMouseOver={[Function]}
                    >
                      <div>
                        18
                      </div>
                    </td>
                  </Cell>
                  <Cell
                    className="calendar__day calendar__day--3"
                    key="24"
                    onClick={[Function]}
                    onMouseOver={[Function]}
                    subText=""
                    text="19"
                  >
                    <td
                      className="calendar__day calendar__day--3"
                      onClick={[Function]}
                      onMouseOver={[Function]}
                    >
                      <div>
                        19
                      </div>
                    </td>
                  </Cell>
                  <Cell
                    className="calendar__day calendar__day--4"
                    key="25"
                    onClick={[Function]}
                    onMouseOver={[Function]}
                    subText=""
                    text="20"
                  >
                    <td
                      className="calendar__day calendar__day--4"
                      onClick={[Function]}
                      onMouseOver={[Function]}
                    >
                      <div>
                        20
                      </div>
                    </td>
                  </Cell>
                  <Cell
                    className="calendar__day calendar__day--5"
                    key="26"
                    onClick={[Function]}
                    onMouseOver={[Function]}
                    subText=""
                    text="21"
                  >
                    <td
                      className="calendar__day calendar__day--5"
                      onClick={[Function]}
                      onMouseOver={[Function]}
                    >
                      <div>
                        21
                      </div>
                    </td>
                  </Cell>
                  <Cell
                    className="calendar__day calendar__day--6"
                    key="27"
                    onClick={[Function]}
                    onMouseOver={[Function]}
                    subText=""
                    text="22"
                  >
                    <td
                      className="calendar__day calendar__day--6"
                      onClick={[Function]}
                      onMouseOver={[Function]}
                    >
                      <div>
                        22
                      </div>
                    </td>
                  </Cell>
                </tr>
                <tr
                  key="4"
                >
                  <Cell
                    className="calendar__day calendar__day--0"
                    key="28"
                    onClick={[Function]}
                    onMouseOver={[Function]}
                    subText=""
                    text="23"
                  >
                    <td
                      className="calendar__day calendar__day--0"
                      onClick={[Function]}
                      onMouseOver={[Function]}
                    >
                      <div>
                        23
                      </div>
                    </td>
                  </Cell>
                  <Cell
                    className="calendar__day calendar__day--1"
                    key="29"
                    onClick={[Function]}
                    onMouseOver={[Function]}
                    subText=""
                    text="24"
                  >
                    <td
                      className="calendar__day calendar__day--1"
                      onClick={[Function]}
                      onMouseOver={[Function]}
                    >
                      <div>
                        24
                      </div>
                    </td>
                  </Cell>
                  <Cell
                    className="calendar__day calendar__day--2"
                    key="30"
                    onClick={[Function]}
                    onMouseOver={[Function]}
                    subText=""
                    text="25"
                  >
                    <td
                      className="calendar__day calendar__day--2"
                      onClick={[Function]}
                      onMouseOver={[Function]}
                    >
                      <div>
                        25
                      </div>
                    </td>
                  </Cell>
                  <Cell
                    className="calendar__day calendar__day--3"
                    key="31"
                    onClick={[Function]}
                    onMouseOver={[Function]}
                    subText=""
                    text="26"
                  >
                    <td
                      className="calendar__day calendar__day--3"
                      onClick={[Function]}
                      onMouseOver={[Function]}
                    >
                      <div>
                        26
                      </div>
                    </td>
                  </Cell>
                  <Cell
                    className="calendar__day calendar__day--4"
                    key="32"
                    onClick={[Function]}
                    onMouseOver={[Function]}
                    subText=""
                    text="27"
                  >
                    <td
                      className="calendar__day calendar__day--4"
                      onClick={[Function]}
                      onMouseOver={[Function]}
                    >
                      <div>
                        27
                      </div>
                    </td>
                  </Cell>
                  <Cell
                    className="calendar__day calendar__day--5"
                    key="33"
                    onClick={[Function]}
                    onMouseOver={[Function]}
                    subText=""
                    text="28"
                  >
                    <td
                      className="calendar__day calendar__day--5"
                      onClick={[Function]}
                      onMouseOver={[Function]}
                    >
                      <div>
                        28
                      </div>
                    </td>
                  </Cell>
                  <Cell
                    className="calendar__day calendar__day--6"
                    key="34"
                    onClick={[Function]}
                    onMouseOver={[Function]}
                    subText=""
                    text="29"
                  >
                    <td
                      className="calendar__day calendar__day--6"
                      onClick={[Function]}
                      onMouseOver={[Function]}
                    >
                      <div>
                        29
                      </div>
                    </td>
                  </Cell>
                </tr>
                <tr
                  key="5"
                >
                  <Cell
                    className="calendar__day calendar__day--0"
                    key="35"
                    onClick={[Function]}
                    onMouseOver={[Function]}
                    subText=""
                    text="30"
                  >
                    <td
                      className="calendar__day calendar__day--0"
                      onClick={[Function]}
                      onMouseOver={[Function]}
                    >
                      <div>
                        30
                      </div>
                    </td>
                  </Cell>
                  <Cell
                    className="calendar__day calendar__day--1"
                    key="36"
                    onClick={[Function]}
                    onMouseOver={[Function]}
                    subText=""
                    text="31"
                  >
                    <td
                      className="calendar__day calendar__day--1"
                      onClick={[Function]}
                      onMouseOver={[Function]}
                    >
                      <div>
                        31
                      </div>
                    </td>
                  </Cell>
                  <Cell
                    className=""
                    key="37"
                    onClick={[Function]}
                    onMouseOver={[Function]}
                    subText=""
                    text=" "
                  >
                    <td
                      className=""
                      onClick={[Function]}
                      onMouseOver={[Function]}
                    >
                      <div>
                         
                      </div>
                    </td>
                  </Cell>
                  <Cell
                    className=""
                    key="38"
                    onClick={[Function]}
                    onMouseOver={[Function]}
                    subText=""
                    text=" "
                  >
                    <td
                      className=""
                      onClick={[Function]}
                      onMouseOver={[Function]}
                    >
                      <div>
                         
                      </div>
                    </td>
                  </Cell>
                  <Cell
                    className=""
                    key="39"
                    onClick={[Function]}
                    onMouseOver={[Function]}
                    subText=""
                    text=" "
                  >
                    <td
                      className=""
                      onClick={[Function]}
                      onMouseOver={[Function]}
                    >
                      <div>
                         
                      </div>
                    </td>
                  </Cell>
                  <Cell
                    className=""
                    key="40"
                    onClick={[Function]}
                    onMouseOver={[Function]}
                    subText=""
                    text=" "
                  >
                    <td
                      className=""
                      onClick={[Function]}
                      onMouseOver={[Function]}
                    >
                      <div>
                         
                      </div>
                    </td>
                  </Cell>
                  <Cell
                    className=""
                    key="41"
                    onClick={[Function]}
                    onMouseOver={[Function]}
                    subText=""
                    text=" "
                  >
                    <td
                      className=""
                      onClick={[Function]}
                      onMouseOver={[Function]}
                    >
                      <div>
                         
                      </div>
                    </td>
                  </Cell>
                </tr>
              </tbody>
            </table>
          </TableMatrixView>
        </DayView>
      </div>
    </CalendarBody>
  </div>
</CalendarContainer>
`;

exports[`<CalendarContainer/> prop: show should render correctly 1`] = `
<div
  className="calendar__container calendar--show"
>
  <CalendarHead
    onNext={[Function]}
    onPrev={[Function]}
    onTitleClick={[Function]}
    title="2018.12"
  />
  <CalendarBody
    current={"2018-12-04T15:00:00.000Z"}
    locale="en"
    onClick={[Function]}
    viewMode={2}
  />
</div>
`;
