// Jest Snapshot v1, https://goo.gl/fbAQLP

exports[`<TableMatrixView/> props matrix correctly 1`] = `
<table
  className="calendar__body--table"
>
  <thead>
    <tr>
      <th
        key="0"
      >
        1
      </th>
      <th
        key="1"
      >
        2
      </th>
      <th
        key="2"
      >
        3
      </th>
    </tr>
  </thead>
  <tbody>
    <tr
      key="0"
    >
      <td
        key="0"
      >
        value
      </td>
      <td
        key="1"
      >
        value
      </td>
      <td
        key="2"
      >
        value
      </td>
    </tr>
    <tr
      key="1"
    >
      <td
        key="3"
      >
        value
      </td>
      <td
        key="4"
      >
        value
      </td>
      <td
        key="5"
      >
        value
      </td>
    </tr>
    <tr
      key="2"
    >
      <td
        key="6"
      >
        value
      </td>
      <td
        key="7"
      >
        value
      </td>
      <td
        key="8"
      >
        value
      </td>
    </tr>
  </tbody>
</table>
`;

exports[`<TableMatrixView/> render with no props 1`] = `
<table
  className="calendar__body--table"
>
  <thead>
    <tr>
      <th
        key="0"
      >
        1
      </th>
      <th
        key="1"
      >
        2
      </th>
      <th
        key="2"
      >
        3
      </th>
    </tr>
  </thead>
  <tbody>
    <tr
      key="0"
    >
      <td
        key="0"
      >
        value
      </td>
      <td
        key="1"
      >
        value
      </td>
      <td
        key="2"
      >
        value
      </td>
    </tr>
    <tr
      key="1"
    >
      <td
        key="3"
      >
        value
      </td>
      <td
        key="4"
      >
        value
      </td>
      <td
        key="5"
      >
        value
      </td>
    </tr>
    <tr
      key="2"
    >
      <td
        key="6"
      >
        value
      </td>
      <td
        key="7"
      >
        value
      </td>
      <td
        key="8"
      >
        value
      </td>
    </tr>
  </tbody>
</table>
`;
